http://www.boost.org/ http@^^www.boost.org^ 22236
http://www.boost.org/style-v2/section-welcome.css http@^^www.boost.org^style-v2^section-welcome.css 0
http://www.boost.org/favicon.ico http@^^www.boost.org^favicon.ico 318
http://www.boost.org/users/license.html http@^^www.boost.org^users^license.html 35274
http://www.boost.org/community/ http@^^www.boost.org^community^ 17592
http://www.boost.org/users/news/old_compilers.html http@^^www.boost.org^users^news^old_compilers.html 18457
http://www.boost.org/users/news/ http@^^www.boost.org^users^news^ 20352
http://www.boost.org/users/download/ http@^^www.boost.org^users^download^ 20241
http://www.boost.org/doc/libs/1_54_0/ http@^^www.boost.org^doc^libs^1_54_0^ 114531
http://www.boost.org/development/bugs.html http@^^www.boost.org^development^bugs.html 21230
http://www.boost.org/users/history/version_1_53_0.html http@^^www.boost.org^users^history^version_1_53_0.html 70917
http://www.boost.org/community/groups.html http@^^www.boost.org^community^groups.html 37533
http://www.boost.org/doc/libs/ http@^^www.boost.org^doc^libs^ 113375
http://www.boost.org/users/index.html http@^^www.boost.org^users^index.html 23106
http://www.boost.org/users/ http@^^www.boost.org^users^ 23106
http://www.boost.org/users/people.html http@^^www.boost.org^users^people.html 26899
http://www.boost.org/users/history/ http@^^www.boost.org^users^history^ 63526
http://www.boost.org/users/proposal.pdf http@^^www.boost.org^users^proposal.pdf 15877
http://www.boost.org/users/history/version_1_54_0.html http@^^www.boost.org^users^history^version_1_54_0.html 85966
http://www.boost.org/users/uses.html http@^^www.boost.org^users^uses.html 18902
http://www.boost.org/community/index.html http@^^www.boost.org^community^index.html 17592
http://www.boost.org/feed/news.rss http@^^www.boost.org^feed^news.rss 168107
http://www.boost.org/users/faq.html http@^^www.boost.org^users^faq.html 29014
http://www.boost.org/community/cpp.html http@^^www.boost.org^community^cpp.html 20283
http://www.boost.org/community/committee.html http@^^www.boost.org^community^committee.html 23929
http://www.boost.org/community/policy.html http@^^www.boost.org^community^policy.html 35247
http://www.boost.org/community/generic_programming.html http@^^www.boost.org^community^generic_programming.html 37385
http://www.boost.org/users/bibliography.html http@^^www.boost.org^users^bibliography.html 47619
http://www.boost.org/map.html http@^^www.boost.org^map.html 27092
http://www.boost.org/community/acknowledgements.html http@^^www.boost.org^community^acknowledgements.html 19807
http://www.boost.org/community/moderators.html http@^^www.boost.org^community^moderators.html 18830
http://www.boost.org/community/requests.html http@^^www.boost.org^community^requests.html 17367
http://www.boost.org/community/error_handling.html http@^^www.boost.org^community^error_handling.html 28816
http://www.boost.org/community/reviews.html http@^^www.boost.org^community^reviews.html 31206
http://www.boost.org/community/sandbox.html http@^^www.boost.org^community^sandbox.html 19162
http://www.boost.org/community/exception_safety.html http@^^www.boost.org^community^exception_safety.html 58981
http://www.boost.org/community/irc.html http@^^www.boost.org^community^irc.html 18673
http://www.boost.org/feed/downloads.rss http@^^www.boost.org^feed^downloads.rss 213240
http://www.boost.org/community/gsoc.html http@^^www.boost.org^community^gsoc.html 16584
http://www.boost.org/development/index.html http@^^www.boost.org^development^index.html 18518
http://www.boost.org/community/feature_model_diagrams.html http@^^www.boost.org^community^feature_model_diagrams.html 21795
http://www.boost.org/community/counted_body.html http@^^www.boost.org^community^counted_body.html 43089
http://www.boost.org/community/review_schedule.html http@^^www.boost.org^community^review_schedule.html 91466
http://www.boost.org/community/gsoc_2006_boost_overview.html http@^^www.boost.org^community^gsoc_2006_boost_overview.html 58372
http://www.boost.org/development/tests/trunk/developer/summary.html http@^^www.boost.org^development^tests^trunk^developer^summary.html 586
http://www.boost.org/development/submissions.html http@^^www.boost.org^development^submissions.html 23928
http://www.boost.org/community/irc_stats_soc.php http@^^www.boost.org^community^irc_stats_soc.php 45294
http://www.boost.org/development/tests/trunk/developer/issues.html http@^^www.boost.org^development^tests^trunk^developer^issues.html 592
http://www.boost.org/development/testing.html http@^^www.boost.org^development^testing.html 23799
http://www.boost.org/development/running_regression_tests.html http@^^www.boost.org^development^running_regression_tests.html 29132
http://www.boost.org/development/test.html http@^^www.boost.org^development^test.html 21014
http://www.boost.org/development/reuse.html http@^^www.boost.org^development^reuse.html 19654
http://www.boost.org/development/header.html http@^^www.boost.org^development^header.html 19688
http://www.boost.org/development/design_faq.html http@^^www.boost.org^development^design_faq.html 18439
http://www.boost.org/development/int_const_guidelines.html http@^^www.boost.org^development^int_const_guidelines.html 29694
http://www.boost.org/development/website_updating.html http@^^www.boost.org^development^website_updating.html 32426
http://www.boost.org/development/requirements.html http@^^www.boost.org^development^requirements.html 54132
http://www.boost.org/development/exemplar.html http@^^www.boost.org^development^exemplar.html 36280
http://www.boost.org/doc/ http@^^www.boost.org^doc^ 21563
http://www.boost.org/development/separate_compilation.html http@^^www.boost.org^development^separate_compilation.html 37628
http://www.boost.org/development/webcheck/index.html http@^^www.boost.org^development^webcheck^index.html 78073
http://www.boost.org/doc/libs/1_51_0/ http@^^www.boost.org^doc^libs^1_51_0^ 108808
http://www.boost.org/doc/libs/1_52_0/ http@^^www.boost.org^doc^libs^1_52_0^ 108808
http://www.boost.org/doc/libs/1_50_0/ http@^^www.boost.org^doc^libs^1_50_0^ 108086
http://www.boost.org/doc/libs/1_49_0/ http@^^www.boost.org^doc^libs^1_49_0^ 105106
http://www.boost.org/doc/libs/1_47_0/ http@^^www.boost.org^doc^libs^1_47_0^ 102320
http://www.boost.org/doc/libs/1_48_0/ http@^^www.boost.org^doc^libs^1_48_0^ 104433
http://www.boost.org/doc/libs/1_53_0/ http@^^www.boost.org^doc^libs^1_53_0^ 112242
http://www.boost.org/doc/libs/1_45_0/ http@^^www.boost.org^doc^libs^1_45_0^ 98646
http://www.boost.org/doc/libs/1_43_0/ http@^^www.boost.org^doc^libs^1_43_0^ 97216
http://www.boost.org/doc/libs/1_41_0/ http@^^www.boost.org^doc^libs^1_41_0^ 94987
http://www.boost.org/doc/libs/1_44_0/ http@^^www.boost.org^doc^libs^1_44_0^ 98646
http://www.boost.org/doc/libs/1_38_0/ http@^^www.boost.org^doc^libs^1_38_0^ 93391
http://www.boost.org/doc/libs/1_42_0/ http@^^www.boost.org^doc^libs^1_42_0^ 95704
http://www.boost.org/doc/libs/1_37_0/ http@^^www.boost.org^doc^libs^1_37_0^ 91321
http://www.boost.org/doc/libs/1_39_0/ http@^^www.boost.org^doc^libs^1_39_0^ 94214
http://www.boost.org/doc/libs/1_46_1/ http@^^www.boost.org^doc^libs^1_46_1^ 99423
http://www.boost.org/doc/libs/1_40_0/ http@^^www.boost.org^doc^libs^1_40_0^ 94214
http://www.boost.org/doc/libs/1_35_0/ http@^^www.boost.org^doc^libs^1_35_0^ 87678
http://www.boost.org/doc/libs/1_36_0/ http@^^www.boost.org^doc^libs^1_36_0^ 90583
http://www.boost.org/boost-build2/ http@^^www.boost.org^boost-build2^ 7229
http://www.boost.org/doc/libs/1_34_1/ http@^^www.boost.org^doc^libs^1_34_1^ 78276
http://www.boost.org/doc/libs/1_34_0/ http@^^www.boost.org^doc^libs^1_34_0^ 78276
http://www.boost.org/doc/tools.html http@^^www.boost.org^doc^tools.html 18456
http://www.boost.org/doc/libs/1_31_0/ http@^^www.boost.org^doc^libs^1_31_0^ 61307
http://www.boost.org/doc/libs/1_33_1/ http@^^www.boost.org^doc^libs^1_33_1^ 73647
http://www.boost.org/LICENSE_1_0.txt http@^^www.boost.org^LICENSE_1_0.txt 1338
http://www.boost.org/doc/libs/1_32_0/ http@^^www.boost.org^doc^libs^1_32_0^ 69652
http://www.boost.org/style-v2/section-boost.css http@^^www.boost.org^style-v2^section-boost.css 0
http://www.boost.org/community/groups.html#users http@^^www.boost.org^community^groups.html#users 37533
http://www.boost.org/community/groups.html#main http@^^www.boost.org^community^groups.html#main 37533
http://www.boost.org/users/#Introduction http@^^www.boost.org^users^#Introduction 23106
http://www.boost.org/users/#Rationale http@^^www.boost.org^users^#Rationale 23106
http://www.boost.org/users/#History http@^^www.boost.org^users^#History 23106
http://www.boost.org/users/#FAQ http@^^www.boost.org^users^#FAQ 23106
http://www.boost.org/users/news/#iold_compilers http@^^www.boost.org^users^news^#iold_compilers 20352
http://www.boost.org/users/#requirements http@^^www.boost.org^users^#requirements 23106
http://www.boost.org/users/#Transition http@^^www.boost.org^users^#Transition 23106
http://www.boost.org/users/#Acknowledgements http@^^www.boost.org^users^#Acknowledgements 23106
http://www.boost.org/users/news/#ia_special_note_for_boost_1_52_0_and_higher http@^^www.boost.org^users^news^#ia_special_note_for_boost_1_52_0_and_higher 20352
http://www.boost.org/users/news/a_special_note_for_boost_1_52_0_and_higher.html http@^^www.boost.org^users^news^a_special_note_for_boost_1_52_0_and_higher.html 19743
http://www.boost.org/style-v2/section-doc.css http@^^www.boost.org^style-v2^section-doc.css 0
http://www.boost.org/users/download/#live http@^^www.boost.org^users^download^#live 20241
http://www.boost.org/users/download/#history http@^^www.boost.org^users^download^#history 20241
http://www.boost.org/users/news/#iversion_1_54_0 http@^^www.boost.org^users^news^#iversion_1_54_0 20352
http://www.boost.org/users/download/#repository http@^^www.boost.org^users^download^#repository 20241
http://www.boost.org/users/news/#iversion_1_53_0 http@^^www.boost.org^users^news^#iversion_1_53_0 20352
http://www.boost.org/users/news/#iboost_locale_security_notice http@^^www.boost.org^users^news^#iboost_locale_security_notice 20352
http://www.boost.org/doc/libs/1_54_0/?view=filtered_std-proposal http@^^www.boost.org^doc^libs^1_54_0^[view=filtered_std-proposal 18046
http://www.boost.org/users/news/boost_locale_security_notice.html http@^^www.boost.org^users^news^boost_locale_security_notice.html 17189
http://www.boost.org/doc/libs/1_54_0/?view=filtered_std-tr1 http@^^www.boost.org^doc^libs^1_54_0^[view=filtered_std-tr1 27163
http://www.boost.org/doc/libs/1_54_0/?view=categorized http@^^www.boost.org^doc^libs^1_54_0^[view=categorized 58137
http://www.boost.org/doc/libs/1_54_0/?view=category_Algorithms http@^^www.boost.org^doc^libs^1_54_0^[view=category_Algorithms 25831
http://www.boost.org/doc/libs/1_54_0/?view=category_Math http@^^www.boost.org^doc^libs^1_54_0^[view=category_Math 32323
http://www.boost.org/doc/libs/1_54_0/?view=category_Containers http@^^www.boost.org^doc^libs^1_54_0^[view=category_Containers 29534
http://www.boost.org/doc/libs/1_54_0/?view=category_Concurrent http@^^www.boost.org^doc^libs^1_54_0^[view=category_Concurrent 22823
http://www.boost.org/doc/libs/1_54_0/?view=category_Data http@^^www.boost.org^doc^libs^1_54_0^[view=category_Data 28319
http://www.boost.org/doc/libs/1_54_0/?view=category_Function-objects http@^^www.boost.org^doc^libs^1_54_0^[view=category_Function-objects 29547
http://www.boost.org/doc/libs/1_54_0/libs/compatibility/ http@^^www.boost.org^doc^libs^1_54_0^libs^compatibility^ 5314
http://www.boost.org/doc/libs/1_54_0/?sort=boost-version http@^^www.boost.org^doc^libs^1_54_0^[sort=boost-version 118652
http://www.boost.org/doc/libs/1_54_0/?view=category_System http@^^www.boost.org^doc^libs^1_54_0^[view=category_System 21535
http://www.boost.org/doc/libs/1_54_0/?view=category_Generic http@^^www.boost.org^doc^libs^1_54_0^[view=category_Generic 25765
http://www.boost.org/doc/libs/1_54_0/?view=category_Domain http@^^www.boost.org^doc^libs^1_54_0^[view=category_Domain 20902
http://www.boost.org/doc/libs/1_54_0/?view=category_workarounds http@^^www.boost.org^doc^libs^1_54_0^[view=category_workarounds 18779
http://www.boost.org/doc/libs/1_54_0/libs/utility/compressed_pair.htm http@^^www.boost.org^doc^libs^1_54_0^libs^utility^compressed_pair.htm 5828
http://www.boost.org/doc/libs/1_54_0/?view=category_IO http@^^www.boost.org^doc^libs^1_54_0^[view=category_IO 22971
http://www.boost.org/doc/libs/1_54_0/?view=category_Patterns http@^^www.boost.org^doc^libs^1_54_0^[view=category_Patterns 21400
http://www.boost.org/doc/libs/1_54_0/?view=category_Correctness http@^^www.boost.org^doc^libs^1_54_0^[view=category_Correctness 19599
http://www.boost.org/doc/libs/1_54_0/libs/conversion/ http@^^www.boost.org^doc^libs^1_54_0^libs^conversion^ 2879
http://www.boost.org/doc/libs/1_54_0/libs/utility/call_traits.htm http@^^www.boost.org^doc^libs^1_54_0^libs^utility^call_traits.htm 29211
http://www.boost.org/doc/libs/1_54_0/libs/crc/ http@^^www.boost.org^doc^libs^1_54_0^libs^crc^ 3057
http://www.boost.org/doc/libs/1_54_0/?view=category_Miscellaneous http@^^www.boost.org^doc^libs^1_54_0^[view=category_Miscellaneous 26280
http://www.boost.org/doc/libs/1_54_0/?view=category_String http@^^www.boost.org^doc^libs^1_54_0^[view=category_String 25886
http://www.boost.org/doc/libs/1_54_0/libs/exception/doc/boost-exception.html http@^^www.boost.org^doc^libs^1_54_0^libs^exception^doc^boost-exception.html 8247
http://www.boost.org/doc/libs/1_54_0/libs/utility/enable_if.html http@^^www.boost.org^doc^libs^1_54_0^libs^utility^enable_if.html 21113
http://www.boost.org/doc/libs/1_54_0/?view=category_Emulation http@^^www.boost.org^doc^libs^1_54_0^[view=category_Emulation 22179
http://www.boost.org/doc/libs/1_54_0/libs/dynamic_bitset/dynamic_bitset.html http@^^www.boost.org^doc^libs^1_54_0^libs^dynamic_bitset^dynamic_bitset.html 57153
http://www.boost.org/doc/libs/1_54_0/?view=category_Programming http@^^www.boost.org^doc^libs^1_54_0^[view=category_Programming 18923
http://www.boost.org/doc/libs/1_54_0/libs/format/ http@^^www.boost.org^doc^libs^1_54_0^libs^format^ 5369
http://www.boost.org/doc/libs/1_54_0/?view=category_Metaprogramming http@^^www.boost.org^doc^libs^1_54_0^[view=category_Metaprogramming 22932
http://www.boost.org/doc/libs/1_54_0/libs/functional/ http@^^www.boost.org^doc^libs^1_54_0^libs^functional^ 9309
http://www.boost.org/doc/libs/1_54_0/libs/fusion/doc/html/ http@^^www.boost.org^doc^libs^1_54_0^libs^fusion^doc^html^ 20158
http://www.boost.org/doc/libs/1_54_0/?view=category_Image-processing http@^^www.boost.org^doc^libs^1_54_0^[view=category_Image-processing 18272
http://www.boost.org/doc/libs/1_54_0/libs/utility/in_place_factories.html http@^^www.boost.org^doc^libs^1_54_0^libs^utility^in_place_factories.html 12102
http://www.boost.org/doc/libs/1_54_0/?view=category_Iterators http@^^www.boost.org^doc^libs^1_54_0^[view=category_Iterators 21623
http://www.boost.org/doc/libs/1_54_0/libs/io/doc/ios_state.html http@^^www.boost.org^doc^libs^1_54_0^libs^io^doc^ios_state.html 19180
http://www.boost.org/doc/libs/1_54_0/?view=category_Preprocessor http@^^www.boost.org^doc^libs^1_54_0^[view=category_Preprocessor 18818
http://www.boost.org/doc/libs/1_54_0/libs/math/doc/html/gcd_lcm.html http@^^www.boost.org^doc^libs^1_54_0^libs^math^doc^html^gcd_lcm.html 5169
http://www.boost.org/doc/libs/1_54_0/libs/math/doc/html/octonions.html http@^^www.boost.org^doc^libs^1_54_0^libs^math^doc^html^octonions.html 5433
http://www.boost.org/doc/libs/1_54_0/libs/numeric/interval/doc/interval.htm http@^^www.boost.org^doc^libs^1_54_0^libs^numeric^interval^doc^interval.htm 60257
http://www.boost.org/doc/libs/1_54_0/libs/math/doc/html/quaternions.html http@^^www.boost.org^doc^libs^1_54_0^libs^math^doc^html^quaternions.html 5555
http://www.boost.org/doc/libs/1_54_0/libs/math/doc/html/special.html http@^^www.boost.org^doc^libs^1_54_0^libs^math^doc^html^special.html 14044
http://www.boost.org/doc/libs/1_54_0/libs/bind/mem_fn.html http@^^www.boost.org^doc^libs^1_54_0^libs^bind^mem_fn.html 18910
http://www.boost.org/doc/libs/1_54_0/libs/math/doc/html/dist.html http@^^www.boost.org^doc^libs^1_54_0^libs^math^doc^html^dist.html 15903
http://www.boost.org/doc/libs/1_54_0/?view=category_State http@^^www.boost.org^doc^libs^1_54_0^[view=category_State 18755
http://www.boost.org/doc/libs/1_54_0/libs/algorithm/minmax/ http@^^www.boost.org^doc^libs^1_54_0^libs^algorithm^minmax^ 25959
http://www.boost.org/doc/libs/1_54_0/?view=category_Inter-language http@^^www.boost.org^doc^libs^1_54_0^[view=category_Inter-language 18227
http://www.boost.org/doc/libs/1_54_0/libs/rational/ http@^^www.boost.org^doc^libs^1_54_0^libs^rational^ 2772
http://www.boost.org/doc/libs/1_54_0/libs/utility/operators.htm http@^^www.boost.org^doc^libs^1_54_0^libs^utility^operators.htm 77618
http://www.boost.org/doc/libs/1_54_0/?view=category_Memory http@^^www.boost.org^doc^libs^1_54_0^[view=category_Memory 19669
http://www.boost.org/doc/libs/1_54_0/libs/utility/utility.htm#result_of http@^^www.boost.org^doc^libs^1_54_0^libs^utility^utility.htm#result_of 29631
http://www.boost.org/doc/libs/1_54_0/libs/smart_ptr/smart_ptr.htm http@^^www.boost.org^doc^libs^1_54_0^libs^smart_ptr^smart_ptr.htm 14449
http://www.boost.org/doc/libs/1_54_0/libs/utility/swap.html http@^^www.boost.org^doc^libs^1_54_0^libs^utility^swap.html 6334
http://www.boost.org/doc/libs/1_54_0/libs/tokenizer/ http@^^www.boost.org^doc^libs^1_54_0^libs^tokenizer^ 4890
http://www.boost.org/doc/libs/1_54_0/?view=category_Parsing http@^^www.boost.org^doc^libs^1_54_0^[view=category_Parsing 18113
http://www.boost.org/doc/libs/1_54_0/doc/html/tribool.html http@^^www.boost.org^doc^libs^1_54_0^doc^html^tribool.html 6044
http://www.boost.org/doc/libs/1_54_0/libs/numeric/ublas/doc/index.htm http@^^www.boost.org^doc^libs^1_54_0^libs^numeric^ublas^doc^index.htm 15781
http://www.boost.org/doc/libs/1_54_0/libs/uuid/ http@^^www.boost.org^doc^libs^1_54_0^libs^uuid^ 2421
http://www.boost.org/doc/libs/1_54_0/libs/wave/ http@^^www.boost.org^doc^libs^1_54_0^libs^wave^ 3830
http://www.boost.org/doc/libs/1_54_0/libs/utility/utility.htm http@^^www.boost.org^doc^libs^1_54_0^libs^utility^utility.htm 29631
http://www.boost.org/users/people/aleksey_gurtovoy.html http@^^www.boost.org^users^people^aleksey_gurtovoy.html 18153
http://www.boost.org/doc/libs/1_54_0/libs/utility/value_init.htm http@^^www.boost.org^doc^libs^1_54_0^libs^utility^value_init.htm 26752
http://www.boost.org/users/people/rene_rivera.html http@^^www.boost.org^users^people^rene_rivera.html 17533
http://www.boost.org/community/#users http@^^www.boost.org^community^#users 17592
http://www.boost.org/community/#archive http@^^www.boost.org^community^#archive 17592
http://www.boost.org/community/#projects http@^^www.boost.org^community^#projects 17592
http://www.boost.org/community/#interest http@^^www.boost.org^community^#interest 17592
http://www.boost.org/community/#cmake http@^^www.boost.org^community^#cmake 17592
http://www.boost.org/users/people/beman_dawes.html http@^^www.boost.org^users^people^beman_dawes.html 17131
http://www.boost.org/community/#langbinding http@^^www.boost.org^community^#langbinding 17592
http://www.boost.org/community/#jamboost http@^^www.boost.org^community^#jamboost 17592
http://www.boost.org/community/#spirit http@^^www.boost.org^community^#spirit 17592
http://www.boost.org/community/#announce http@^^www.boost.org^community^#announce 17592
http://www.boost.org/community/#mpi http@^^www.boost.org^community^#mpi 17592
http://www.boost.org/community/#testing http@^^www.boost.org^community^#testing 17592
http://www.boost.org/community/#boostdocs http@^^www.boost.org^community^#boostdocs 17592
http://www.boost.org/community/#cplussig http@^^www.boost.org^community^#cplussig 17592
http://www.boost.org/community/#ublas http@^^www.boost.org^community^#ublas 17592
http://www.boost.org/community/#main http@^^www.boost.org^community^#main 17592
http://www.boost.org/community/#commit http@^^www.boost.org^community^#commit 17592
http://www.boost.org/community/#sandbox http@^^www.boost.org^community^#sandbox 17592
http://www.boost.org/community/#IRC http@^^www.boost.org^community^#IRC 17592
http://www.boost.org/community/#thread http@^^www.boost.org^community^#thread 17592
http://www.boost.org/community/#translation http@^^www.boost.org^community^#translation 17592
http://www.boost.org/doc/libs/?view=filtered_std-proposal http@^^www.boost.org^doc^libs^[view=filtered_std-proposal 17991
http://www.boost.org/doc/libs/?view=filtered_std-tr1 http@^^www.boost.org^doc^libs^[view=filtered_std-tr1 27029
http://www.boost.org/doc/libs/?view=categorized http@^^www.boost.org^doc^libs^[view=categorized 58097
http://www.boost.org/doc/libs/?view=category_Data http@^^www.boost.org^doc^libs^[view=category_Data 28201
http://www.boost.org/doc/libs/?view=category_Containers http@^^www.boost.org^doc^libs^[view=category_Containers 29396
http://www.boost.org/doc/libs/?view=category_Concurrent http@^^www.boost.org^doc^libs^[view=category_Concurrent 22761
http://www.boost.org/doc/libs/?sort=boost-version http@^^www.boost.org^doc^libs^[sort=boost-version 117496
http://www.boost.org/doc/libs/?view=category_IO http@^^www.boost.org^doc^libs^[view=category_IO 22901
http://www.boost.org/doc/libs/?view=category_Algorithms http@^^www.boost.org^doc^libs^[view=category_Algorithms 25687
http://www.boost.org/doc/libs/?view=category_Math http@^^www.boost.org^doc^libs^[view=category_Math 32245
http://www.boost.org/doc/libs/?view=category_Domain http@^^www.boost.org^doc^libs^[view=category_Domain 20837
http://www.boost.org/doc/libs/?view=category_Generic http@^^www.boost.org^doc^libs^[view=category_Generic 25636
http://www.boost.org/doc/libs/?view=category_Function-objects http@^^www.boost.org^doc^libs^[view=category_Function-objects 29465
http://www.boost.org/doc/libs/?view=category_workarounds http@^^www.boost.org^doc^libs^[view=category_workarounds 18732
http://www.boost.org/doc/libs/?view=category_System http@^^www.boost.org^doc^libs^[view=category_System 21464
http://www.boost.org/doc/libs/?view=category_Patterns http@^^www.boost.org^doc^libs^[view=category_Patterns 21307
http://www.boost.org/doc/libs/?view=category_Correctness http@^^www.boost.org^doc^libs^[view=category_Correctness 19532
http://www.boost.org/doc/libs/?view=category_Miscellaneous http@^^www.boost.org^doc^libs^[view=category_Miscellaneous 26187
http://www.boost.org/doc/libs/?view=category_String http@^^www.boost.org^doc^libs^[view=category_String 25799
http://www.boost.org/doc/libs/?view=category_Emulation http@^^www.boost.org^doc^libs^[view=category_Emulation 22122
http://www.boost.org/doc/libs/?view=category_Programming http@^^www.boost.org^doc^libs^[view=category_Programming 18862
http://www.boost.org/doc/libs/?view=category_Metaprogramming http@^^www.boost.org^doc^libs^[view=category_Metaprogramming 22848
http://www.boost.org/doc/libs/?view=category_Image-processing http@^^www.boost.org^doc^libs^[view=category_Image-processing 18196
http://www.boost.org/doc/libs/?view=category_Preprocessor http@^^www.boost.org^doc^libs^[view=category_Preprocessor 18771
http://www.boost.org/doc/libs/?view=category_Iterators http@^^www.boost.org^doc^libs^[view=category_Iterators 21516
http://www.boost.org/doc/libs/?view=category_State http@^^www.boost.org^doc^libs^[view=category_State 18708
http://www.boost.org/doc/libs/?view=category_Memory http@^^www.boost.org^doc^libs^[view=category_Memory 19595
http://www.boost.org/doc/libs/?view=category_Inter-language http@^^www.boost.org^doc^libs^[view=category_Inter-language 18179
http://www.boost.org/doc/libs/?view=category_Parsing http@^^www.boost.org^doc^libs^[view=category_Parsing 18058
http://www.boost.org/users/people/ed_brey.html http@^^www.boost.org^users^people^ed_brey.html 18071
http://www.boost.org/users/people/herve_bronnimann.html http@^^www.boost.org^users^people^herve_bronnimann.html 16848
http://www.boost.org/users/people/joel_de_guzman.html http@^^www.boost.org^users^people^joel_de_guzman.html 17512
http://www.boost.org/users/people/pavol_droba.html http@^^www.boost.org^users^people^pavol_droba.html 17152
http://www.boost.org/users/people/peter_dimov.html http@^^www.boost.org^users^people^peter_dimov.html 16400
http://www.boost.org/users/people/greg_colvin.html http@^^www.boost.org^users^people^greg_colvin.html 16497
http://www.boost.org/users/people/darin_adler.html http@^^www.boost.org^users^people^darin_adler.html 18456
http://www.boost.org/users/people/fernando_cacciola.html http@^^www.boost.org^users^people^fernando_cacciola.html 18268
http://www.boost.org/users/people/ronald_garcia.html http@^^www.boost.org^users^people^ronald_garcia.html 16812
http://www.boost.org/users/people/jeff_garland.html http@^^www.boost.org^users^people^jeff_garland.html 17397
http://www.boost.org/users/people/dave_abrahams.html http@^^www.boost.org^users^people^dave_abrahams.html 17004
http://www.boost.org/users/people/doug_gregor.html http@^^www.boost.org^users^people^doug_gregor.html 17500
http://www.boost.org/users/people/howard_hinnant.html http@^^www.boost.org^users^people^howard_hinnant.html 17495
http://www.boost.org/users/people/jan_gaspar.html http@^^www.boost.org^users^people^jan_gaspar.html 17019
http://www.boost.org/users/people/kevlin_henney.html http@^^www.boost.org^users^people^kevlin_henney.html 18176
http://www.boost.org/users/people/hubert_holin.html http@^^www.boost.org^users^people^hubert_holin.html 17474
http://www.boost.org/users/people/andreas_huber.html http@^^www.boost.org^users^people^andreas_huber.html 16941
http://www.boost.org/users/people/jaakko_jarvi.html http@^^www.boost.org^users^people^jaakko_jarvi.html 16752
http://www.boost.org/users/people/eric_friedman.html http@^^www.boost.org^users^people^eric_friedman.html 16995
http://www.boost.org/users/people/hartmut_kaiser.html http@^^www.boost.org^users^people^hartmut_kaiser.html 17028
http://www.boost.org/users/people/ralf_w_grosse_kunstleve.html http@^^www.boost.org^users^people^ralf_w_grosse_kunstleve.html 19404
http://www.boost.org/users/people/vesa_karvonen.html http@^^www.boost.org^users^people^vesa_karvonen.html 19900
http://www.boost.org/users/people/dietmar_kuehl.html http@^^www.boost.org^users^people^dietmar_kuehl.html 17702
http://www.boost.org/users/people/joaquin_lopez.html http@^^www.boost.org^users^people^joaquin_lopez.html 17480
http://www.boost.org/users/people/jens_maurer.html http@^^www.boost.org^users^people^jens_maurer.html 17214
http://www.boost.org/users/people/samuel_krempp.html http@^^www.boost.org^users^people^samuel_krempp.html 16923
http://www.boost.org/users/people/liequan_lee.html http@^^www.boost.org^users^people^liequan_lee.html 16674
http://www.boost.org/users/people/william_kempf.html http@^^www.boost.org^users^people^william_kempf.html 16976
http://www.boost.org/users/people/john_maddock.html http@^^www.boost.org^users^people^john_maddock.html 16747
http://www.boost.org/users/people/paul_moore.html http@^^www.boost.org^users^people^paul_moore.html 17055
http://www.boost.org/users/people/mat_marcus.html http@^^www.boost.org^users^people^mat_marcus.html 16983
http://www.boost.org/users/people/paul_mensonides.html http@^^www.boost.org^users^people^paul_mensonides.html 16403
http://www.boost.org/users/people/mac_murrett.html http@^^www.boost.org^users^people^mac_murrett.html 16927
http://www.boost.org/users/people/robert_ramey.html http@^^www.boost.org^users^people^robert_ramey.html 17088
http://www.boost.org/users/people/gennadiy_rozental.html http@^^www.boost.org^users^people^gennadiy_rozental.html 16822
http://www.boost.org/users/people/daryle_walker.html http@^^www.boost.org^users^people^daryle_walker.html 16265
http://www.boost.org/users/people/jonathan_turkanis.html http@^^www.boost.org^users^people^jonathan_turkanis.html 16582
http://www.boost.org/users/people/jeremy_siek.html http@^^www.boost.org^users^people^jeremy_siek.html 16844
http://www.boost.org/users/people/thomas_witt.html http@^^www.boost.org^users^people^thomas_witt.html 17123
http://www.boost.org/users/people/thorsten_ottosen.html http@^^www.boost.org^users^people^thorsten_ottosen.html 17504
http://www.boost.org/users/history/version_1_51_0.html http@^^www.boost.org^users^history^version_1_51_0.html 42443
http://www.boost.org/users/people/mark_rodgers.html http@^^www.boost.org^users^people^mark_rodgers.html 17152
http://www.boost.org/users/people/gary_powell.html http@^^www.boost.org^users^people^gary_powell.html 17072
http://www.boost.org/users/people/anthony_williams.html http@^^www.boost.org^users^people^anthony_williams.html 16819
http://www.boost.org/users/people/vladimir_prus.html http@^^www.boost.org^users^people^vladimir_prus.html 16891
http://www.boost.org/users/history/version_1_52_0.html http@^^www.boost.org^users^history^version_1_52_0.html 59837
http://www.boost.org/users/history/version_1_50_0.html http@^^www.boost.org^users^history^version_1_50_0.html 71703
http://www.boost.org/users/history/version_1_49_0.html http@^^www.boost.org^users^history^version_1_49_0.html 56376
http://www.boost.org/users/history/version_1_47_0.html http@^^www.boost.org^users^history^version_1_47_0.html 58744
http://www.boost.org/users/history/version_1_46_0.html http@^^www.boost.org^users^history^version_1_46_0.html 46682
http://www.boost.org/users/history/version_1_44_0.html http@^^www.boost.org^users^history^version_1_44_0.html 55874
http://www.boost.org/users/history/version_1_45_0.html http@^^www.boost.org^users^history^version_1_45_0.html 46298
http://www.boost.org/users/history/version_1_46_1.html http@^^www.boost.org^users^history^version_1_46_1.html 29656
http://www.boost.org/users/history/version_1_41_0.html http@^^www.boost.org^users^history^version_1_41_0.html 36015
http://www.boost.org/users/history/version_1_42_0.html http@^^www.boost.org^users^history^version_1_42_0.html 42118
http://www.boost.org/users/history/version_1_38_0.html http@^^www.boost.org^users^history^version_1_38_0.html 45640
http://www.boost.org/users/history/version_1_39_0.html http@^^www.boost.org^users^history^version_1_39_0.html 40127
http://www.boost.org/users/history/version_1_34_1.html http@^^www.boost.org^users^history^version_1_34_1.html 20802
http://www.boost.org/users/history/version_1_48_0.html http@^^www.boost.org^users^history^version_1_48_0.html 52976
http://www.boost.org/users/history/version_1_35_0.html http@^^www.boost.org^users^history^version_1_35_0.html 40163
http://www.boost.org/users/history/version_1_36_0.html http@^^www.boost.org^users^history^version_1_36_0.html 36433
http://www.boost.org/users/history/version_1_33_1.html http@^^www.boost.org^users^history^version_1_33_1.html 28527
http://www.boost.org/users/history/version_1_43_0.html http@^^www.boost.org^users^history^version_1_43_0.html 40355
http://www.boost.org/users/history/version_1_37_0.html http@^^www.boost.org^users^history^version_1_37_0.html 30743
http://www.boost.org/users/history/version_1_40_0.html http@^^www.boost.org^users^history^version_1_40_0.html 44693
http://www.boost.org/users/history/version_1_32_0.html http@^^www.boost.org^users^history^version_1_32_0.html 29397
http://www.boost.org/users/history/version_1_33_0.html http@^^www.boost.org^users^history^version_1_33_0.html 37455
http://www.boost.org/users/history/version_1_31_0.html http@^^www.boost.org^users^history^version_1_31_0.html 26099
http://www.boost.org/users/history/version_1_30_2.html http@^^www.boost.org^users^history^version_1_30_2.html 19215
http://www.boost.org/users/history/version_1_29_0.html http@^^www.boost.org^users^history^version_1_29_0.html 19901
http://www.boost.org/doc/libs/1_32_1/ http@^^www.boost.org^doc^libs^1_32_1^ 69652
http://www.boost.org/users/history/version_1_34_0.html http@^^www.boost.org^users^history^version_1_34_0.html 46784
http://www.boost.org/users/history/version_1_25_0.html http@^^www.boost.org^users^history^version_1_25_0.html 19181
http://www.boost.org/users/history/version_1_30_0.html http@^^www.boost.org^users^history^version_1_30_0.html 21633
http://www.boost.org/users/history/version_1_26_0.html http@^^www.boost.org^users^history^version_1_26_0.html 18571
http://www.boost.org/users/history/version_1_23_0.html http@^^www.boost.org^users^history^version_1_23_0.html 18357
http://www.boost.org/users/history/version_1_24_0.html http@^^www.boost.org^users^history^version_1_24_0.html 17753
http://www.boost.org/users/history/version_1_27_0.html http@^^www.boost.org^users^history^version_1_27_0.html 19961
http://www.boost.org/users/history/version_1_25_1.html http@^^www.boost.org^users^history^version_1_25_1.html 18532
http://www.boost.org/users/history/version_1_28_0.html http@^^www.boost.org^users^history^version_1_28_0.html 19133
http://www.boost.org/users/history/version_1_30_1.html http@^^www.boost.org^users^history^version_1_30_1.html 19946
http://www.boost.org/users/history/version_1_21_2.html http@^^www.boost.org^users^history^version_1_21_2.html 18476
http://www.boost.org/users/history/version_1_21_1.html http@^^www.boost.org^users^history^version_1_21_1.html 17582
http://www.boost.org/users/history/version_1_22_0.html http@^^www.boost.org^users^history^version_1_22_0.html 18086
http://www.boost.org/users/history/version_1_20_1.html http@^^www.boost.org^users^history^version_1_20_1.html 16968
http://www.boost.org/users/history/version_1_20_0.html http@^^www.boost.org^users^history^version_1_20_0.html 17587
http://www.boost.org/users/history/version_1_20_2.html http@^^www.boost.org^users^history^version_1_20_2.html 18940
http://www.boost.org/users/history/version_1_18_2.html http@^^www.boost.org^users^history^version_1_18_2.html 17433
http://www.boost.org/users/history/version_1_18_3.html http@^^www.boost.org^users^history^version_1_18_3.html 17252
http://www.boost.org/users/history/version_1_18_0.html http@^^www.boost.org^users^history^version_1_18_0.html 18194
http://www.boost.org/users/history/version_1_17_0.html http@^^www.boost.org^users^history^version_1_17_0.html 17649
http://www.boost.org/users/history/version_1_18_1.html http@^^www.boost.org^users^history^version_1_18_1.html 17143
http://www.boost.org/users/history/version_1_15_1.html http@^^www.boost.org^users^history^version_1_15_1.html 16722
http://www.boost.org/users/history/version_1_14_3.html http@^^www.boost.org^users^history^version_1_14_3.html 16612
http://www.boost.org/users/history/version_1_15_0.html http@^^www.boost.org^users^history^version_1_15_0.html 16652
http://www.boost.org/users/history/version_1_14_2.html http@^^www.boost.org^users^history^version_1_14_2.html 16513
http://www.boost.org/users/history/version_1_19_0.html http@^^www.boost.org^users^history^version_1_19_0.html 17816
http://www.boost.org/users/history/version_1_14_0.html http@^^www.boost.org^users^history^version_1_14_0.html 16621
http://www.boost.org/users/history/version_1_21_0.html http@^^www.boost.org^users^history^version_1_21_0.html 19857
http://www.boost.org/users/history/version_1_14_1.html http@^^www.boost.org^users^history^version_1_14_1.html 16757
http://www.boost.org/users/history/version_1_16_1.html http@^^www.boost.org^users^history^version_1_16_1.html 17525
http://www.boost.org/users/history/version_1_16_0.html http@^^www.boost.org^users^history^version_1_16_0.html 18060
http://www.boost.org/users/history/version_1_13_0.html http@^^www.boost.org^users^history^version_1_13_0.html 16640
http://www.boost.org/patches/1_54_0/002-date-time.patch http@^^www.boost.org^patches^1_54_0^002-date-time.patch 960
http://www.boost.org/users/history/version_1_12_0.html http@^^www.boost.org^users^history^version_1_12_0.html 16496
http://www.boost.org/users/history/version_1_10_3.html http@^^www.boost.org^users^history^version_1_10_3.html 17065
http://www.boost.org/users/history/version_1_10_4.html http@^^www.boost.org^users^history^version_1_10_4.html 16459
http://www.boost.org/patches/1_54_0/001-coroutine.patch http@^^www.boost.org^patches^1_54_0^001-coroutine.patch 580
http://www.boost.org/users/history/old_versions.html http@^^www.boost.org^users^history^old_versions.html 21051
http://www.boost.org/patches/1_54_0/003-log.patch http@^^www.boost.org^patches^1_54_0^003-log.patch 670
http://www.boost.org/patches/1_54_0/004-thread.patch http@^^www.boost.org^patches^1_54_0^004-thread.patch 687
http://www.boost.org/users/history/version_1_11_2.html http@^^www.boost.org^users^history^version_1_11_2.html 16586
http://www.boost.org/users/history/version_1_11_0.html http@^^www.boost.org^users^history^version_1_11_0.html 16739
http://www.boost.org/users/history/version_1_11_1.html http@^^www.boost.org^users^history^version_1_11_1.html 16415
http://www.boost.org/users/uses_inhouse.html http@^^www.boost.org^users^uses_inhouse.html 32639
http://www.boost.org/users/uses_shrink.html http@^^www.boost.org^users^uses_shrink.html 53651
http://www.boost.org/users/uses_open.html http@^^www.boost.org^users^uses_open.html 52284
http://www.boost.org/community/groups.html#projects http@^^www.boost.org^community^groups.html#projects 37533
http://www.boost.org/development/requirements.html#License http@^^www.boost.org^development^requirements.html#License 54132
http://www.boost.org/community/#unacceptable http@^^www.boost.org^community^#unacceptable 17592
http://www.boost.org/community/#effective http@^^www.boost.org^community^#effective 17592
http://www.boost.org/community/#well-crafted http@^^www.boost.org^community^#well-crafted 17592
http://www.boost.org/community/#subject-line http@^^www.boost.org^community^#subject-line 17592
http://www.boost.org/community/#longlines http@^^www.boost.org^community^#longlines 17592
http://www.boost.org/community/#quoting http@^^www.boost.org^community^#quoting 17592
http://www.boost.org/community/#tabs http@^^www.boost.org^community^#tabs 17592
http://www.boost.org/users/#Submissions http@^^www.boost.org^users^#Submissions 23106
http://www.boost.org/community/#formatting-quotations http@^^www.boost.org^community^#formatting-quotations 17592
http://www.boost.org/community/#acceptable http@^^www.boost.org^community^#acceptable 17592
http://www.boost.org/community/#discussion-threads http@^^www.boost.org^community^#discussion-threads 17592
http://www.boost.org/community/#flame-wars http@^^www.boost.org^community^#flame-wars 17592
http://www.boost.org/community/#behavior http@^^www.boost.org^community^#behavior 17592
http://www.boost.org/community/#summarizing-referring http@^^www.boost.org^community^#summarizing-referring 17592
http://www.boost.org/community/#max-size http@^^www.boost.org^community^#max-size 17592
http://www.boost.org/community/#effective-discussions http@^^www.boost.org^community^#effective-discussions 17592
http://www.boost.org/community/#lib_names http@^^www.boost.org^community^#lib_names 17592
http://www.boost.org/community/groups.html#archive http@^^www.boost.org^community^groups.html#archive 37533
http://www.boost.org/community/#traits http@^^www.boost.org^community^#traits 17592
http://www.boost.org/community/#off-topic-posts http@^^www.boost.org^community^#off-topic-posts 17592
http://www.boost.org/community/#culture http@^^www.boost.org^community^#culture 17592
http://www.boost.org/community/#introduction http@^^www.boost.org^community^#introduction 17592
http://www.boost.org/community/#tag_dispatching http@^^www.boost.org^community^#tag_dispatching 17592
http://www.boost.org/community/#adaptors http@^^www.boost.org^community^#adaptors 17592
http://www.boost.org/community/#third-party-attacks http@^^www.boost.org^community^#third-party-attacks 17592
http://www.boost.org/community/#type_generator http@^^www.boost.org^community^#type_generator 17592
http://www.boost.org/community/#concept http@^^www.boost.org^community^#concept 17592
http://www.boost.org/community/#policy http@^^www.boost.org^community^#policy 17592
http://www.boost.org/community/#footnote1 http@^^www.boost.org^community^#footnote1 17592
http://www.boost.org/style-v2/section-map.css http@^^www.boost.org^style-v2^section-map.css 0
http://www.boost.org/users/#Print_publications http@^^www.boost.org^users^#Print_publications 23106
http://www.boost.org/users/#Online_mentions http@^^www.boost.org^users^#Online_mentions 23106
http://www.boost.org/users/#update http@^^www.boost.org^users^#update 23106
http://www.boost.org/users/#Online_publications http@^^www.boost.org^users^#Online_publications 23106
http://www.boost.org/users/#Print_mentions http@^^www.boost.org^users^#Print_mentions 23106
http://www.boost.org/community/#Maintainer http@^^www.boost.org^community^#Maintainer 17592
http://www.boost.org/community/#Fast-Track http@^^www.boost.org^community^#Fast-Track 17592
http://www.boost.org/community/#Submitters http@^^www.boost.org^community^#Submitters 17592
http://www.boost.org/community/#object_generator http@^^www.boost.org^community^#object_generator 17592
http://www.boost.org/community/#reference4 http@^^www.boost.org^community^#reference4 17592
http://www.boost.org/community/#Comments http@^^www.boost.org^community^#Comments 17592
http://www.boost.org/community/#reference7 http@^^www.boost.org^community^#reference7 17592
http://www.boost.org/community/#Results http@^^www.boost.org^community^#Results 17592
http://www.boost.org/community/#footnote2 http@^^www.boost.org^community^#footnote2 17592
http://www.boost.org/community/#Wizard http@^^www.boost.org^community^#Wizard 17592
http://www.boost.org/community/#Introduction http@^^www.boost.org^community^#Introduction 17592
http://www.boost.org/community/#footnote3 http@^^www.boost.org^community^#footnote3 17592
http://www.boost.org/community/#Review_Manager http@^^www.boost.org^community^#Review_Manager 17592
http://www.boost.org/community/#footnote5 http@^^www.boost.org^community^#footnote5 17592
http://www.boost.org/community/#footnote4 http@^^www.boost.org^community^#footnote4 17592
http://www.boost.org/community/#footnote6 http@^^www.boost.org^community^#footnote6 17592
http://www.boost.org/community/#footnote7 http@^^www.boost.org^community^#footnote7 17592
http://www.boost.org/community/#footnote10 http@^^www.boost.org^community^#footnote10 17592
http://www.boost.org/community/#footnote11 http@^^www.boost.org^community^#footnote11 17592
http://www.boost.org/community/#reference3 http@^^www.boost.org^community^#reference3 17592
http://www.boost.org/community/#reference5 http@^^www.boost.org^community^#reference5 17592
http://www.boost.org/community/#reference1 http@^^www.boost.org^community^#reference1 17592
http://www.boost.org/community/#footnote9 http@^^www.boost.org^community^#footnote9 17592
http://www.boost.org/community/#FeatureDescriptions http@^^www.boost.org^community^#FeatureDescriptions 17592
http://www.boost.org/community/#footnote8 http@^^www.boost.org^community^#footnote8 17592
http://www.boost.org/community/#footnote12 http@^^www.boost.org^community^#footnote12 17592
http://www.boost.org/community/#reference6 http@^^www.boost.org^community^#reference6 17592
http://www.boost.org/community/#accepted_projects http@^^www.boost.org^community^#accepted_projects 17592
http://www.boost.org/community/#development http@^^www.boost.org^community^#development 17592
http://www.boost.org/community/#results http@^^www.boost.org^community^#results 17592
http://www.boost.org/community/#boost_appeal http@^^www.boost.org^community^#boost_appeal 17592
http://www.boost.org/community/#footnote13 http@^^www.boost.org^community^#footnote13 17592
http://www.boost.org/community/#boost_participation http@^^www.boost.org^community^#boost_participation 17592
http://www.boost.org/community/#opportunities_lost http@^^www.boost.org^community^#opportunities_lost 17592
http://www.boost.org/community/#how_the_program_works http@^^www.boost.org^community^#how_the_program_works 17592
http://www.boost.org/community/#projects_startup http@^^www.boost.org^community^#projects_startup 17592
http://www.boost.org/community/#GenerativeProgramming http@^^www.boost.org^community^#GenerativeProgramming 17592
http://www.boost.org/community/#ongoing_development http@^^www.boost.org^community^#ongoing_development 17592
http://www.boost.org/community/#public_communication_issues http@^^www.boost.org^community^#public_communication_issues 17592
http://www.boost.org/community/#scope_of_projects http@^^www.boost.org^community^#scope_of_projects 17592
http://www.boost.org/community/#analysis http@^^www.boost.org^community^#analysis 17592
http://www.boost.org/community/#preparation http@^^www.boost.org^community^#preparation 17592
http://www.boost.org/community/#suggestions_for_improvement http@^^www.boost.org^community^#suggestions_for_improvement 17592
http://www.boost.org/community/#acknowledgements http@^^www.boost.org^community^#acknowledgements 17592
http://www.boost.org/community/#figures_2006 http@^^www.boost.org^community^#figures_2006 17592
http://www.boost.org/community/#conclusions http@^^www.boost.org^community^#conclusions 17592
http://www.boost.org/development/#interest http@^^www.boost.org^development^#interest 18518
http://www.boost.org/development/#Review http@^^www.boost.org^development^#Review 18518
http://www.boost.org/development/#SitePosting http@^^www.boost.org^development^#SitePosting 18518
http://www.boost.org/development/#People http@^^www.boost.org^development^#People 18518
http://www.boost.org/community/#public_communication http@^^www.boost.org^community^#public_communication 17592
http://www.boost.org/community/#project_management http@^^www.boost.org^community^#project_management 17592
http://www.boost.org/development/#Learn http@^^www.boost.org^development^#Learn 18518
http://www.boost.org/development/#Lifecycle http@^^www.boost.org^development^#Lifecycle 18518
http://www.boost.org/style-v2/section-community.css http@^^www.boost.org^style-v2^section-community.css 0
http://www.boost.org/development/tests/trunk/master.css http@^^www.boost.org^development^tests^trunk^master.css 10762
http://www.boost.org/development/#Preliminary http@^^www.boost.org^development^#Preliminary 18518
http://www.boost.org/development/#Submission http@^^www.boost.org^development^#Submission 18518
http://www.boost.org/development/#Refinement http@^^www.boost.org^development^#Refinement 18518
http://www.boost.org/development/requirements.html#Directory_structure http@^^www.boost.org^development^requirements.html#Directory_structure 54132
http://www.boost.org/development/#RegressionTesting http@^^www.boost.org^development^#RegressionTesting 18518
http://www.boost.org/development/#Inspection http@^^www.boost.org^development^#Inspection 18518
http://www.boost.org/development/#Snapshots http@^^www.boost.org^development^#Snapshots 18518
http://www.boost.org/development/#Introduction http@^^www.boost.org^development^#Introduction 18518
http://www.boost.org/development/#Acknowledgements http@^^www.boost.org^development^#Acknowledgements 18518
http://www.boost.org/development/#SampleHeader http@^^www.boost.org^development^#SampleHeader 18518
http://www.boost.org/development/#faq-links-2 http@^^www.boost.org^development^#faq-links-2 18518
http://www.boost.org/development/#faq-links-1 http@^^www.boost.org^development^#faq-links-1 18518
http://www.boost.org/development/#toolsets http@^^www.boost.org^development^#toolsets 18518
http://www.boost.org/development/#GettingContent http@^^www.boost.org^development^#GettingContent 18518
http://www.boost.org/development/#Feeds http@^^www.boost.org^development^#Feeds 18518
http://www.boost.org/development/#faq-links-3 http@^^www.boost.org^development^#faq-links-3 18518
http://www.boost.org/development/#Local_Server http@^^www.boost.org^development^#Local_Server 18518
http://www.boost.org/development/#Requirements http@^^www.boost.org^development^#Requirements 18518
http://www.boost.org/development/#License http@^^www.boost.org^development^#License 18518
http://www.boost.org/development/#Ownership http@^^www.boost.org^development^#Ownership 18518
http://www.boost.org/development/#Menus http@^^www.boost.org^development^#Menus 18518
http://www.boost.org/development/#ExistingPage http@^^www.boost.org^development^#ExistingPage 18518
http://www.boost.org/development/#Naming_consistency http@^^www.boost.org^development^#Naming_consistency 18518
http://www.boost.org/development/#Guidelines http@^^www.boost.org^development^#Guidelines 18518
http://www.boost.org/development/#Directory_structure http@^^www.boost.org^development^#Directory_structure 18518
http://www.boost.org/development/#NewPage http@^^www.boost.org^development^#NewPage 18518
http://www.boost.org/development/#Design_and_Programming http@^^www.boost.org^development^#Design_and_Programming 18518
http://www.boost.org/development/#Naming http@^^www.boost.org^development^#Naming 18518
http://www.boost.org/development/#Rationale http@^^www.boost.org^development^#Rationale 18518
http://www.boost.org/development/#Documentation http@^^www.boost.org^development^#Documentation 18518
http://www.boost.org/development/#Portability http@^^www.boost.org^development^#Portability 18518
http://www.boost.org/development/#code_fonts http@^^www.boost.org^development^#code_fonts 18518
http://www.boost.org/development/#FileNamesRat http@^^www.boost.org^development^#FileNamesRat 18518
http://www.boost.org/development/#JavaScript http@^^www.boost.org^development^#JavaScript 18518
http://www.boost.org/development/#Tabs http@^^www.boost.org^development^#Tabs 18518
http://www.boost.org/development/#build_changes http@^^www.boost.org^development^#build_changes 18518
http://www.boost.org/development/#abi http@^^www.boost.org^development^#abi 18518
http://www.boost.org/development/#testing http@^^www.boost.org^development^#testing 18518
http://www.boost.org/development/#source_changes http@^^www.boost.org^development^#source_changes 18518
http://www.boost.org/development/#Rationale_rationale http@^^www.boost.org^development^#Rationale_rationale 18518
http://www.boost.org/development/#dlls http@^^www.boost.org^development^#dlls 18518
http://www.boost.org/development/# http@^^www.boost.org^development^# 18518
http://www.boost.org/development/#auto-link http@^^www.boost.org^development^#auto-link 18518
http://www.boost.org/development/webcheck/webcheck.css http@^^www.boost.org^development^webcheck^webcheck.css 3953
http://www.boost.org/development/#jamfile http@^^www.boost.org^development^#jamfile 18518
http://www.boost.org/development/webcheck/favicon.ico http@^^www.boost.org^development^webcheck^favicon.ico 0
http://www.boost.org/development/#copyright http@^^www.boost.org^development^#copyright 18518
http://www.boost.org/development/webcheck/new.html http@^^www.boost.org^development^webcheck^new.html 2400
http://www.boost.org/development/webcheck/old.html http@^^www.boost.org^development^webcheck^old.html 2392
http://www.boost.org/development/webcheck/notitles.html http@^^www.boost.org^development^webcheck^notitles.html 2378
http://www.boost.org/development/#static_or_dynamic http@^^www.boost.org^development^#static_or_dynamic 18518
http://www.boost.org/development/webcheck/images.html http@^^www.boost.org^development^webcheck^images.html 49356
http://www.boost.org/development/webcheck/size.html http@^^www.boost.org^development^webcheck^size.html 88070
http://www.boost.org/doc/libs/1_52_0/?view=categorized http@^^www.boost.org^doc^libs^1_52_0^[view=categorized 56344
http://www.boost.org/doc/libs/1_52_0/?view=filtered_std-proposal http@^^www.boost.org^doc^libs^1_52_0^[view=filtered_std-proposal 18046
http://www.boost.org/doc/libs/1_52_0/?view=filtered_std-tr1 http@^^www.boost.org^doc^libs^1_52_0^[view=filtered_std-tr1 27163
http://www.boost.org/development/webcheck/about.html http@^^www.boost.org^development^webcheck^about.html 5972
http://www.boost.org/doc/libs/1_52_0/?view=category_Math http@^^www.boost.org^doc^libs^1_52_0^[view=category_Math 30056
http://www.boost.org/doc/libs/1_52_0/?view=category_Containers http@^^www.boost.org^doc^libs^1_52_0^[view=category_Containers 29534
